[2018-03-11T21:17:03+00:00] alert string
[2018-03-11T21:17:46+00:00] alert string
[2018-03-11T21:18:39+00:00] alert string
